// Jest Snapshot v1, https://goo.gl/fbAQLP

exports[`Testing PostView.js should render correctly... 1`] = `<Add />`;
